Command line invocation:
    /Applications/Xcode-26.2.0.app/Contents/Developer/usr/bin/xcodebuild -workspace SeukCalendar/SeukCalendar.xcworkspace -scheme SeukCalendar -configuration Debug -destination "platform=iOS Simulator,name=iPhone 17 Pro" build

2026-02-27 13:34:05.028 xcodebuild[16522:3050461]  DVTDeviceOperation: Encountered a build number "" that is incompatible with DVTBuildVersion.
2026-02-27 13:34:05.113 xcodebuild[16522:3050388] [MT] DVTDeviceOperation: Encountered a build number "" that is incompatible with DVTBuildVersion.
2026-02-27 13:34:05.236 xcodebuild[16522:3050388] [MT] IDERunDestination: Supported platforms for the buildables in the current scheme is empty.
2026-02-27 13:34:05.425 xcodebuild[16522:3050388] [MT] IDERunDestination: Supported platforms for the buildables in the current scheme is empty.
ComputePackagePrebuildTargetDependencyGraph

Prepare packages

CreateBuildRequest

SendProjectDescription

CreateBuildOperation

ComputeTargetDependencyGraph
note: Building targets in dependency order
note: Target dependency graph (14 targets)
    Target 'SeukCalendar' in project 'SeukCalendar'
        ➜ Implicit dependency on target 'AI' in project 'AI' via file 'AI.framework' in build phase 'Link Binary'
        ➜ Implicit dependency on target 'DesignSystem' in project 'DesignSystem' via file 'DesignSystem.framework' in build phase 'Link Binary'
        ➜ Implicit dependency on target 'CalendarDomain' in project 'Domain' via file 'CalendarDomain.framework' in build phase 'Link Binary'
        ➜ Implicit dependency on target 'CalendarFeature' in project 'Feature' via file 'CalendarFeature.framework' in build phase 'Link Binary'
        ➜ Implicit dependency on target 'Core' in project 'Core' via file 'Core.framework' in build phase 'Link Binary'
        ➜ Implicit dependency on target 'UserData' in project 'Data' via file 'UserData.framework' in build phase 'Link Binary'
        ➜ Implicit dependency on target 'Navigation' in project 'Navigation' via file 'Navigation.framework' in build phase 'Link Binary'
        ➜ Implicit dependency on target 'BaseFeature' in project 'Feature' via file 'BaseFeature.framework' in build phase 'Link Binary'
        ➜ Implicit dependency on target 'UserDomain' in project 'Domain' via file 'UserDomain.framework' in build phase 'Link Binary'
        ➜ Implicit dependency on target 'Common' in project 'Data' via file 'Common.framework' in build phase 'Link Binary'
        ➜ Implicit dependency on target 'CalendarData' in project 'Data' via file 'CalendarData.framework' in build phase 'Link Binary'
        ➜ Implicit dependency on target 'KeyChainData' in project 'Data' via file 'KeyChainData.framework' in build phase 'Link Binary'
        ➜ Implicit dependency on target 'Coordinator' in project 'Coordinator' via file 'Coordinator.framework' in build phase 'Link Binary'
    Target 'Coordinator' in project 'Coordinator'
        ➜ Implicit dependency on target 'CalendarFeature' in project 'Feature' via file 'CalendarFeature.framework' in build phase 'Link Binary'
        ➜ Implicit dependency on target 'Navigation' in project 'Navigation' via file 'Navigation.framework' in build phase 'Link Binary'
        ➜ Implicit dependency on target 'Core' in project 'Core' via file 'Core.framework' in build phase 'Link Binary'
    Target 'KeyChainData' in project 'Data'
        ➜ Explicit dependency on target 'Common' in project 'Data'
        ➜ Implicit dependency on target 'Core' in project 'Core' via file 'Core.framework' in build phase 'Link Binary'
    Target 'CalendarData' in project 'Data'
        ➜ Explicit dependency on target 'Common' in project 'Data'
        ➜ Implicit dependency on target 'Core' in project 'Core' via file 'Core.framework' in build phase 'Link Binary'
    Target 'BaseFeature' in project 'Feature'
        ➜ Implicit dependency on target 'Navigation' in project 'Navigation' via file 'Navigation.framework' in build phase 'Link Binary'
        ➜ Implicit dependency on target 'Core' in project 'Core' via file 'Core.framework' in build phase 'Link Binary'
    Target 'UserData' in project 'Data'
        ➜ Explicit dependency on target 'Common' in project 'Data'
        ➜ Implicit dependency on target 'Core' in project 'Core' via file 'Core.framework' in build phase 'Link Binary'
    Target 'Common' in project 'Data'
        ➜ Implicit dependency on target 'Core' in project 'Core' via file 'Core.framework' in build phase 'Link Binary'
    Target 'CalendarFeature' in project 'Feature'
        ➜ Implicit dependency on target 'Navigation' in project 'Navigation' via file 'Navigation.framework' in build phase 'Link Binary'
        ➜ Implicit dependency on target 'Core' in project 'Core' via file 'Core.framework' in build phase 'Link Binary'
    Target 'Navigation' in project 'Navigation'
        ➜ Implicit dependency on target 'Core' in project 'Core' via file 'Core.framework' in build phase 'Link Binary'
    Target 'DesignSystem' in project 'DesignSystem'
        ➜ Implicit dependency on target 'Core' in project 'Core' via file 'Core.framework' in build phase 'Link Binary'
    Target 'AI' in project 'AI'
        ➜ Implicit dependency on target 'CalendarDomain' in project 'Domain' via file 'CalendarDomain.framework' in build phase 'Link Binary'
        ➜ Implicit dependency on target 'Core' in project 'Core' via file 'Core.framework' in build phase 'Link Binary'
        ➜ Implicit dependency on target 'UserDomain' in project 'Domain' via file 'UserDomain.framework' in build phase 'Link Binary'
    Target 'UserDomain' in project 'Domain'
        ➜ Implicit dependency on target 'Core' in project 'Core' via file 'Core.framework' in build phase 'Link Binary'
    Target 'CalendarDomain' in project 'Domain'
        ➜ Implicit dependency on target 'Core' in project 'Core' via file 'Core.framework' in build phase 'Link Binary'
    Target 'Core' in project 'Core' (no dependencies)

GatherProvisioningInputs

CreateBuildDescription

ExecuteExternalTool /Applications/Xcode-26.2.0.app/Contents/Developer/Toolchains/XcodeDefault.xctoolchain/usr/bin/clang -v -E -dM -arch arm64 -isysroot /Applications/Xcode-26.2.0.app/Contents/Developer/Platforms/iPhoneSimulator.platform/Developer/SDKs/iPhoneSimulator26.2.sdk -x c -c /dev/null

ExecuteExternalTool /Applications/Xcode-26.2.0.app/Contents/Developer/Toolchains/XcodeDefault.xctoolchain/usr/bin/clang -v -E -dM -isysroot /Applications/Xcode-26.2.0.app/Contents/Developer/Platforms/iPhoneSimulator.platform/Developer/SDKs/iPhoneSimulator26.2.sdk -x c -c /dev/null

ExecuteExternalTool /Applications/Xcode-26.2.0.app/Contents/Developer/usr/bin/actool --print-asset-tag-combinations --output-format xml1 /Users/youngk/Documents/Developer/06_슥캘린더/seuk-calendar-iOS/SeukCalendar/SeukCalendar/App/Resources/Assets.xcassets

ExecuteExternalTool /Applications/Xcode-26.2.0.app/Contents/Developer/usr/bin/actool --version --output-format xml1

ExecuteExternalTool /Applications/Xcode-26.2.0.app/Contents/Developer/Toolchains/XcodeDefault.xctoolchain/usr/bin/swiftc --version

ExecuteExternalTool /Applications/Xcode-26.2.0.app/Contents/Developer/Toolchains/XcodeDefault.xctoolchain/usr/bin/ld -version_details

Build description signature: e429e211ed9ec78d9d8b62bd6fd37942
Build description path: /Users/youngk/Library/Developer/Xcode/DerivedData/SeukCalendar-gyddwocfentytugzofcjygokxhfu/Build/Intermediates.noindex/XCBuildData/e429e211ed9ec78d9d8b62bd6fd37942.xcbuilddata
ClangStatCache /Applications/Xcode-26.2.0.app/Contents/Developer/Toolchains/XcodeDefault.xctoolchain/usr/bin/clang-stat-cache /Applications/Xcode-26.2.0.app/Contents/Developer/Platforms/iPhoneSimulator.platform/Developer/SDKs/iPhoneSimulator26.2.sdk /Users/youngk/Library/Developer/Xcode/DerivedData/SDKStatCaches.noindex/iphonesimulator26.2-23C53-396ea2e52eee30dc3ef691f54c5a881e.sdkstatcache
    cd /Users/youngk/Documents/Developer/06_슥캘린더/seuk-calendar-iOS/SeukCalendar
    /Applications/Xcode-26.2.0.app/Contents/Developer/Toolchains/XcodeDefault.xctoolchain/usr/bin/clang-stat-cache /Applications/Xcode-26.2.0.app/Contents/Developer/Platforms/iPhoneSimulator.platform/Developer/SDKs/iPhoneSimulator26.2.sdk -o /Users/youngk/Library/Developer/Xcode/DerivedData/SDKStatCaches.noindex/iphonesimulator26.2-23C53-396ea2e52eee30dc3ef691f54c5a881e.sdkstatcache

ProcessInfoPlistFile /Users/youngk/Library/Developer/Xcode/DerivedData/SeukCalendar-gyddwocfentytugzofcjygokxhfu/Build/Products/Debug-iphonesimulator/Core.framework/Info.plist /Users/youngk/Library/Developer/Xcode/DerivedData/SeukCalendar-gyddwocfentytugzofcjygokxhfu/Build/Intermediates.noindex/Core.build/Debug-iphonesimulator/Core.build/empty-Core.plist (in target 'Core' from project 'Core')
    cd /Users/youngk/Documents/Developer/06_슥캘린더/seuk-calendar-iOS/SeukCalendar/Core
    builtin-infoPlistUtility /Users/youngk/Library/Developer/Xcode/DerivedData/SeukCalendar-gyddwocfentytugzofcjygokxhfu/Build/Intermediates.noindex/Core.build/Debug-iphonesimulator/Core.build/empty-Core.plist -producttype com.apple.product-type.framework -expandbuildsettings -format binary -platform iphonesimulator -o /Users/youngk/Library/Developer/Xcode/DerivedData/SeukCalendar-gyddwocfentytugzofcjygokxhfu/Build/Products/Debug-iphonesimulator/Core.framework/Info.plist

Ld /Users/youngk/Library/Developer/Xcode/DerivedData/SeukCalendar-gyddwocfentytugzofcjygokxhfu/Build/Products/Debug-iphonesimulator/Core.framework/Core normal (in target 'Core' from project 'Core')
    cd /Users/youngk/Documents/Developer/06_슥캘린더/seuk-calendar-iOS/SeukCalendar/Core
    /Applications/Xcode-26.2.0.app/Contents/Developer/Toolchains/XcodeDefault.xctoolchain/usr/bin/clang -Xlinker -reproducible -target arm64-apple-ios26.0-simulator -dynamiclib -isysroot /Applications/Xcode-26.2.0.app/Contents/Developer/Platforms/iPhoneSimulator.platform/Developer/SDKs/iPhoneSimulator26.2.sdk -O0 -L/Users/youngk/Library/Developer/Xcode/DerivedData/SeukCalendar-gyddwocfentytugzofcjygokxhfu/Build/Intermediates.noindex/EagerLinkingTBDs/Debug-iphonesimulator -L/Users/youngk/Library/Developer/Xcode/DerivedData/SeukCalendar-gyddwocfentytugzofcjygokxhfu/Build/Products/Debug-iphonesimulator -F/Users/youngk/Library/Developer/Xcode/DerivedData/SeukCalendar-gyddwocfentytugzofcjygokxhfu/Build/Intermediates.noindex/EagerLinkingTBDs/Debug-iphonesimulator -F/Users/youngk/Library/Developer/Xcode/DerivedData/SeukCalendar-gyddwocfentytugzofcjygokxhfu/Build/Products/Debug-iphonesimulator -filelist /Users/youngk/Library/Developer/Xcode/DerivedData/SeukCalendar-gyddwocfentytugzofcjygokxhfu/Build/Intermediates.noindex/Core.build/Debug-iphonesimulator/Core.build/Objects-normal/arm64/Core.LinkFileList -install_name @rpath/Core.framework/Core -Xlinker -rpath -Xlinker @executable_path/Frameworks -Xlinker -rpath -Xlinker @loader_path/Frameworks -dead_strip -Xlinker -object_path_lto -Xlinker /Users/youngk/Library/Developer/Xcode/DerivedData/SeukCalendar-gyddwocfentytugzofcjygokxhfu/Build/Intermediates.noindex/Core.build/Debug-iphonesimulator/Core.build/Objects-normal/arm64/Core_lto.o -rdynamic -Xlinker -no_deduplicate -Xlinker -objc_abi_version -Xlinker 2 -Xlinker -dependency_info -Xlinker /Users/youngk/Library/Developer/Xcode/DerivedData/SeukCalendar-gyddwocfentytugzofcjygokxhfu/Build/Intermediates.noindex/Core.build/Debug-iphonesimulator/Core.build/Objects-normal/arm64/Core_dependency_info.dat -fobjc-link-runtime -L/Applications/Xcode-26.2.0.app/Contents/Developer/Toolchains/XcodeDefault.xctoolchain/usr/lib/swift/iphonesimulator -L/usr/lib/swift -Xlinker -add_ast_path -Xlinker /Users/youngk/Library/Developer/Xcode/DerivedData/SeukCalendar-gyddwocfentytugzofcjygokxhfu/Build/Intermediates.noindex/Core.build/Debug-iphonesimulator/Core.build/Objects-normal/arm64/Core.swiftmodule @/Users/youngk/Library/Developer/Xcode/DerivedData/SeukCalendar-gyddwocfentytugzofcjygokxhfu/Build/Intermediates.noindex/Core.build/Debug-iphonesimulator/Core.build/Objects-normal/arm64/Core-linker-args.resp -Xlinker -no_adhoc_codesign -compatibility_version 1 -current_version 1 -o /Users/youngk/Library/Developer/Xcode/DerivedData/SeukCalendar-gyddwocfentytugzofcjygokxhfu/Build/Products/Debug-iphonesimulator/Core.framework/Core
/Users/youngk/Documents/Developer/06_슥캘린더/seuk-calendar-iOS/SeukCalendar/Feature/BaseFeatureTests/BaseFeatureTests.swift:9:18: warning: file 'BaseFeatureTests.swift' is part of module 'BaseFeature'; ignoring import
@testable import BaseFeature
                 ^
/Users/youngk/Documents/Developer/06_슥캘린더/seuk-calendar-iOS/SeukCalendar/Feature/BaseFeatureTests/BaseFeatureTests.swift:8:8: error: Unable to find module dependency: 'Testing'
import Testing
       ^
/Users/youngk/Documents/Developer/06_슥캘린더/seuk-calendar-iOS/SeukCalendar/Feature/BaseFeatureTests/BaseFeatureTests.swift:8:8: note: a dependency of main module 'BaseFeature'
import Testing
       ^

CompileAssetCatalogVariant thinned /Users/youngk/Library/Developer/Xcode/DerivedData/SeukCalendar-gyddwocfentytugzofcjygokxhfu/Build/Products/Debug-iphonesimulator/DesignSystem.framework /Users/youngk/Documents/Developer/06_슥캘린더/seuk-calendar-iOS/SeukCalendar/DesignSystem/DesignSystem/Resources/Color/Color.xcassets /Users/youngk/Documents/Developer/06_슥캘린더/seuk-calendar-iOS/SeukCalendar/DesignSystem/DesignSystem/Resources/Image/Icon.xcassets (in target 'DesignSystem' from project 'DesignSystem')
    cd /Users/youngk/Documents/Developer/06_슥캘린더/seuk-calendar-iOS/SeukCalendar/DesignSystem
    /Applications/Xcode-26.2.0.app/Contents/Developer/usr/bin/actool /Users/youngk/Documents/Developer/06_슥캘린더/seuk-calendar-iOS/SeukCalendar/DesignSystem/DesignSystem/Resources/Color/Color.xcassets /Users/youngk/Documents/Developer/06_슥캘린더/seuk-calendar-iOS/SeukCalendar/DesignSystem/DesignSystem/Resources/Image/Icon.xcassets --compile /Users/youngk/Library/Developer/Xcode/DerivedData/SeukCalendar-gyddwocfentytugzofcjygokxhfu/Build/Intermediates.noindex/DesignSystem.build/Debug-iphonesimulator/DesignSystem.build/assetcatalog_output/thinned --output-format human-readable-text --notices --warnings --export-dependency-info /Users/youngk/Library/Developer/Xcode/DerivedData/SeukCalendar-gyddwocfentytugzofcjygokxhfu/Build/Intermediates.noindex/DesignSystem.build/Debug-iphonesimulator/DesignSystem.build/assetcatalog_dependencies_thinned --output-partial-info-plist /Users/youngk/Library/Developer/Xcode/DerivedData/SeukCalendar-gyddwocfentytugzofcjygokxhfu/Build/Intermediates.noindex/DesignSystem.build/Debug-iphonesimulator/DesignSystem.build/assetcatalog_generated_info.plist_thinned --compress-pngs --enable-on-demand-resources NO --filter-for-thinning-device-configuration iPhone18,1 --filter-for-device-os-version 26.2 --development-region en --target-device iphone --target-device ipad --minimum-deployment-target 26.0 --platform iphonesimulator

SwiftDriver BaseFeature normal arm64 com.apple.xcode.tools.swift.compiler (in target 'BaseFeature' from project 'Feature')
    cd /Users/youngk/Documents/Developer/06_슥캘린더/seuk-calendar-iOS/SeukCalendar/Feature
    builtin-SwiftDriver -- /Applications/Xcode-26.2.0.app/Contents/Developer/Toolchains/XcodeDefault.xctoolchain/usr/bin/swiftc -module-name BaseFeature -Onone -enforce-exclusivity\=checked @/Users/youngk/Library/Developer/Xcode/DerivedData/SeukCalendar-gyddwocfentytugzofcjygokxhfu/Build/Intermediates.noindex/Feature.build/Debug-iphonesimulator/BaseFeature.build/Objects-normal/arm64/BaseFeature.SwiftFileList -DDEBUG -enable-bare-slash-regex -enable-upcoming-feature DisableOutwardActorInference -enable-upcoming-feature InferSendableFromCaptures -enable-upcoming-feature GlobalActorIsolatedTypesUsability -enable-upcoming-feature MemberImportVisibility -enable-upcoming-feature InferIsolatedConformances -enable-upcoming-feature NonisolatedNonsendingByDefault -enable-experimental-feature DebugDescriptionMacro -sdk /Applications/Xcode-26.2.0.app/Contents/Developer/Platforms/iPhoneSimulator.platform/Developer/SDKs/iPhoneSimulator26.2.sdk -target arm64-apple-ios26.0-simulator -g -module-cache-path /Users/youngk/Library/Developer/Xcode/DerivedData/ModuleCache.noindex -Xfrontend -serialize-debugging-options -enable-testing -index-store-path /Users/youngk/Library/Developer/Xcode/DerivedData/SeukCalendar-gyddwocfentytugzofcjygokxhfu/Index.noindex/DataStore -enable-library-evolution -Xcc -D_LIBCPP_HARDENING_MODE\=_LIBCPP_HARDENING_MODE_DEBUG -swift-version 5 -I /Users/youngk/Library/Developer/Xcode/DerivedData/SeukCalendar-gyddwocfentytugzofcjygokxhfu/Build/Products/Debug-iphonesimulator -F /Users/youngk/Library/Developer/Xcode/DerivedData/SeukCalendar-gyddwocfentytugzofcjygokxhfu/Build/Products/Debug-iphonesimulator -emit-localized-strings -emit-localized-strings-path /Users/youngk/Library/Developer/Xcode/DerivedData/SeukCalendar-gyddwocfentytugzofcjygokxhfu/Build/Intermediates.noindex/Feature.build/Debug-iphonesimulator/BaseFeature.build/Objects-normal/arm64 -c -j10 -enable-batch-mode -incremental -Xcc -ivfsstatcache -Xcc /Users/youngk/Library/Developer/Xcode/DerivedData/SDKStatCaches.noindex/iphonesimulator26.2-23C53-396ea2e52eee30dc3ef691f54c5a881e.sdkstatcache -output-file-map /Users/youngk/Library/Developer/Xcode/DerivedData/SeukCalendar-gyddwocfentytugzofcjygokxhfu/Build/Intermediates.noindex/Feature.build/Debug-iphonesimulator/BaseFeature.build/Objects-normal/arm64/BaseFeature-OutputFileMap.json -use-frontend-parseable-output -save-temps -no-color-diagnostics -explicit-module-build -module-cache-path /Users/youngk/Library/Developer/Xcode/DerivedData/SeukCalendar-gyddwocfentytugzofcjygokxhfu/Build/Intermediates.noindex/SwiftExplicitPrecompiledModules -clang-scanner-module-cache-path /Users/youngk/Library/Developer/Xcode/DerivedData/ModuleCache.noindex -sdk-module-cache-path /Users/youngk/Library/Developer/Xcode/DerivedData/ModuleCache.noindex -serialize-diagnostics -emit-dependencies -emit-module -emit-module-path /Users/youngk/Library/Developer/Xcode/DerivedData/SeukCalendar-gyddwocfentytugzofcjygokxhfu/Build/Intermediates.noindex/Feature.build/Debug-iphonesimulator/BaseFeature.build/Objects-normal/arm64/BaseFeature.swiftmodule -emit-module-interface-path /Users/youngk/Library/Developer/Xcode/DerivedData/SeukCalendar-gyddwocfentytugzofcjygokxhfu/Build/Intermediates.noindex/Feature.build/Debug-iphonesimulator/BaseFeature.build/Objects-normal/arm64/BaseFeature.swiftinterface -emit-private-module-interface-path /Users/youngk/Library/Developer/Xcode/DerivedData/SeukCalendar-gyddwocfentytugzofcjygokxhfu/Build/Intermediates.noindex/Feature.build/Debug-iphonesimulator/BaseFeature.build/Objects-normal/arm64/BaseFeature.private.swiftinterface -validate-clang-modules-once -clang-build-session-file /Users/youngk/Library/Developer/Xcode/DerivedData/ModuleCache.noindex/Session.modulevalidation -Xcc -I/Users/youngk/Library/Developer/Xcode/DerivedData/SeukCalendar-gyddwocfentytugzofcjygokxhfu/Build/Intermediates.noindex/Feature.build/Debug-iphonesimulator/BaseFeature.build/swift-overrides.hmap -emit-const-values -Xfrontend -const-gather-protocols-file -Xfrontend /Users/youngk/Library/Developer/Xcode/DerivedData/SeukCalendar-gyddwocfentytugzofcjygokxhfu/Build/Intermediates.noindex/Feature.build/Debug-iphonesimulator/BaseFeature.build/Objects-normal/arm64/BaseFeature_const_extract_protocols.json -Xcc -iquote -Xcc /Users/youngk/Library/Developer/Xcode/DerivedData/SeukCalendar-gyddwocfentytugzofcjygokxhfu/Build/Intermediates.noindex/Feature.build/Debug-iphonesimulator/BaseFeature.build/BaseFeature-generated-files.hmap -Xcc -I/Users/youngk/Library/Developer/Xcode/DerivedData/SeukCalendar-gyddwocfentytugzofcjygokxhfu/Build/Intermediates.noindex/Feature.build/Debug-iphonesimulator/BaseFeature.build/BaseFeature-own-target-headers.hmap -Xcc -I/Users/youngk/Library/Developer/Xcode/DerivedData/SeukCalendar-gyddwocfentytugzofcjygokxhfu/Build/Intermediates.noindex/Feature.build/Debug-iphonesimulator/BaseFeature.build/BaseFeature-all-target-headers.hmap -Xcc -iquote -Xcc /Users/youngk/Library/Developer/Xcode/DerivedData/SeukCalendar-gyddwocfentytugzofcjygokxhfu/Build/Intermediates.noindex/Feature.build/Debug-iphonesimulator/BaseFeature.build/BaseFeature-project-headers.hmap -Xcc -I/Users/youngk/Library/Developer/Xcode/DerivedData/SeukCalendar-gyddwocfentytugzofcjygokxhfu/Build/Products/Debug-iphonesimulator/include -Xcc -I/Users/youngk/Library/Developer/Xcode/DerivedData/SeukCalendar-gyddwocfentytugzofcjygokxhfu/Build/Intermediates.noindex/Feature.build/Debug-iphonesimulator/BaseFeature.build/DerivedSources-normal/arm64 -Xcc -I/Users/youngk/Library/Developer/Xcode/DerivedData/SeukCalendar-gyddwocfentytugzofcjygokxhfu/Build/Intermediates.noindex/Feature.build/Debug-iphonesimulator/BaseFeature.build/DerivedSources/arm64 -Xcc -I/Users/youngk/Library/Developer/Xcode/DerivedData/SeukCalendar-gyddwocfentytugzofcjygokxhfu/Build/Intermediates.noindex/Feature.build/Debug-iphonesimulator/BaseFeature.build/DerivedSources -Xcc -DDEBUG\=1 -emit-objc-header -emit-objc-header-path /Users/youngk/Library/Developer/Xcode/DerivedData/SeukCalendar-gyddwocfentytugzofcjygokxhfu/Build/Intermediates.noindex/Feature.build/Debug-iphonesimulator/BaseFeature.build/Objects-normal/arm64/BaseFeature-Swift.h -working-directory /Users/youngk/Documents/Developer/06_슥캘린더/seuk-calendar-iOS/SeukCalendar/Feature -experimental-emit-module-separately -disable-cmo
/Users/youngk/Documents/Developer/06_슥캘린더/seuk-calendar-iOS/SeukCalendar/Feature/BaseFeatureTests/BaseFeatureTests.swift:9:18: warning: File 'BaseFeatureTests.swift' is part of module 'BaseFeature'; ignoring import
@testable import BaseFeature
                 ^ (in target 'BaseFeature' from project 'Feature')
/Users/youngk/Documents/Developer/06_슥캘린더/seuk-calendar-iOS/SeukCalendar/Feature/BaseFeatureTests/BaseFeatureTests.swift:8:8: error: Unable to find module dependency: 'Testing'
import Testing
       ^ (in target 'BaseFeature' from project 'Feature')
/Users/youngk/Documents/Developer/06_슥캘린더/seuk-calendar-iOS/SeukCalendar/Feature/BaseFeatureTests/BaseFeatureTests.swift:8:8: note: A dependency of main module 'BaseFeature'
import Testing
       ^ (in target 'BaseFeature' from project 'Feature')

SwiftDriver Coordinator normal arm64 com.apple.xcode.tools.swift.compiler (in target 'Coordinator' from project 'Coordinator')
    cd /Users/youngk/Documents/Developer/06_슥캘린더/seuk-calendar-iOS/SeukCalendar/Coordinator
    builtin-SwiftDriver -- /Applications/Xcode-26.2.0.app/Contents/Developer/Toolchains/XcodeDefault.xctoolchain/usr/bin/swiftc -module-name Coordinator -Onone -enforce-exclusivity\=checked @/Users/youngk/Library/Developer/Xcode/DerivedData/SeukCalendar-gyddwocfentytugzofcjygokxhfu/Build/Intermediates.noindex/Coordinator.build/Debug-iphonesimulator/Coordinator.build/Objects-normal/arm64/Coordinator.SwiftFileList -DDEBUG -enable-bare-slash-regex -enable-upcoming-feature DisableOutwardActorInference -enable-upcoming-feature InferSendableFromCaptures -enable-upcoming-feature GlobalActorIsolatedTypesUsability -enable-upcoming-feature MemberImportVisibility -enable-upcoming-feature InferIsolatedConformances -enable-upcoming-feature NonisolatedNonsendingByDefault -enable-experimental-feature DebugDescriptionMacro -sdk /Applications/Xcode-26.2.0.app/Contents/Developer/Platforms/iPhoneSimulator.platform/Developer/SDKs/iPhoneSimulator26.2.sdk -target arm64-apple-ios26.0-simulator -g -module-cache-path /Users/youngk/Library/Developer/Xcode/DerivedData/ModuleCache.noindex -Xfrontend -serialize-debugging-options -enable-testing -index-store-path /Users/youngk/Library/Developer/Xcode/DerivedData/SeukCalendar-gyddwocfentytugzofcjygokxhfu/Index.noindex/DataStore -enable-library-evolution -Xcc -D_LIBCPP_HARDENING_MODE\=_LIBCPP_HARDENING_MODE_DEBUG -swift-version 5 -I /Users/youngk/Library/Developer/Xcode/DerivedData/SeukCalendar-gyddwocfentytugzofcjygokxhfu/Build/Products/Debug-iphonesimulator -F /Users/youngk/Library/Developer/Xcode/DerivedData/SeukCalendar-gyddwocfentytugzofcjygokxhfu/Build/Products/Debug-iphonesimulator -parse-as-library -emit-localized-strings -emit-localized-strings-path /Users/youngk/Library/Developer/Xcode/DerivedData/SeukCalendar-gyddwocfentytugzofcjygokxhfu/Build/Intermediates.noindex/Coordinator.build/Debug-iphonesimulator/Coordinator.build/Objects-normal/arm64 -c -j10 -enable-batch-mode -incremental -Xcc -ivfsstatcache -Xcc /Users/youngk/Library/Developer/Xcode/DerivedData/SDKStatCaches.noindex/iphonesimulator26.2-23C53-396ea2e52eee30dc3ef691f54c5a881e.sdkstatcache -output-file-map /Users/youngk/Library/Developer/Xcode/DerivedData/SeukCalendar-gyddwocfentytugzofcjygokxhfu/Build/Intermediates.noindex/Coordinator.build/Debug-iphonesimulator/Coordinator.build/Objects-normal/arm64/Coordinator-OutputFileMap.json -use-frontend-parseable-output -save-temps -no-color-diagnostics -explicit-module-build -module-cache-path /Users/youngk/Library/Developer/Xcode/DerivedData/SeukCalendar-gyddwocfentytugzofcjygokxhfu/Build/Intermediates.noindex/SwiftExplicitPrecompiledModules -clang-scanner-module-cache-path /Users/youngk/Library/Developer/Xcode/DerivedData/ModuleCache.noindex -sdk-module-cache-path /Users/youngk/Library/Developer/Xcode/DerivedData/ModuleCache.noindex -serialize-diagnostics -emit-dependencies -emit-module -emit-module-path /Users/youngk/Library/Developer/Xcode/DerivedData/SeukCalendar-gyddwocfentytugzofcjygokxhfu/Build/Intermediates.noindex/Coordinator.build/Debug-iphonesimulator/Coordinator.build/Objects-normal/arm64/Coordinator.swiftmodule -emit-module-interface-path /Users/youngk/Library/Developer/Xcode/DerivedData/SeukCalendar-gyddwocfentytugzofcjygokxhfu/Build/Intermediates.noindex/Coordinator.build/Debug-iphonesimulator/Coordinator.build/Objects-normal/arm64/Coordinator.swiftinterface -emit-private-module-interface-path /Users/youngk/Library/Developer/Xcode/DerivedData/SeukCalendar-gyddwocfentytugzofcjygokxhfu/Build/Intermediates.noindex/Coordinator.build/Debug-iphonesimulator/Coordinator.build/Objects-normal/arm64/Coordinator.private.swiftinterface -validate-clang-modules-once -clang-build-session-file /Users/youngk/Library/Developer/Xcode/DerivedData/ModuleCache.noindex/Session.modulevalidation -Xcc -I/Users/youngk/Library/Developer/Xcode/DerivedData/SeukCalendar-gyddwocfentytugzofcjygokxhfu/Build/Intermediates.noindex/Coordinator.build/Debug-iphonesimulator/Coordinator.build/swift-overrides.hmap -emit-const-values -Xfrontend -const-gather-protocols-file -Xfrontend /Users/youngk/Library/Developer/Xcode/DerivedData/SeukCalendar-gyddwocfentytugzofcjygokxhfu/Build/Intermediates.noindex/Coordinator.build/Debug-iphonesimulator/Coordinator.build/Objects-normal/arm64/Coordinator_const_extract_protocols.json -Xcc -iquote -Xcc /Users/youngk/Library/Developer/Xcode/DerivedData/SeukCalendar-gyddwocfentytugzofcjygokxhfu/Build/Intermediates.noindex/Coordinator.build/Debug-iphonesimulator/Coordinator.build/Coordinator-generated-files.hmap -Xcc -I/Users/youngk/Library/Developer/Xcode/DerivedData/SeukCalendar-gyddwocfentytugzofcjygokxhfu/Build/Intermediates.noindex/Coordinator.build/Debug-iphonesimulator/Coordinator.build/Coordinator-own-target-headers.hmap -Xcc -I/Users/youngk/Library/Developer/Xcode/DerivedData/SeukCalendar-gyddwocfentytugzofcjygokxhfu/Build/Intermediates.noindex/Coordinator.build/Debug-iphonesimulator/Coordinator.build/Coordinator-all-target-headers.hmap -Xcc -iquote -Xcc /Users/youngk/Library/Developer/Xcode/DerivedData/SeukCalendar-gyddwocfentytugzofcjygokxhfu/Build/Intermediates.noindex/Coordinator.build/Debug-iphonesimulator/Coordinator.build/Coordinator-project-headers.hmap -Xcc -I/Users/youngk/Library/Developer/Xcode/DerivedData/SeukCalendar-gyddwocfentytugzofcjygokxhfu/Build/Products/Debug-iphonesimulator/include -Xcc -I/Users/youngk/Library/Developer/Xcode/DerivedData/SeukCalendar-gyddwocfentytugzofcjygokxhfu/Build/Intermediates.noindex/Coordinator.build/Debug-iphonesimulator/Coordinator.build/DerivedSources-normal/arm64 -Xcc -I/Users/youngk/Library/Developer/Xcode/DerivedData/SeukCalendar-gyddwocfentytugzofcjygokxhfu/Build/Intermediates.noindex/Coordinator.build/Debug-iphonesimulator/Coordinator.build/DerivedSources/arm64 -Xcc -I/Users/youngk/Library/Developer/Xcode/DerivedData/SeukCalendar-gyddwocfentytugzofcjygokxhfu/Build/Intermediates.noindex/Coordinator.build/Debug-iphonesimulator/Coordinator.build/DerivedSources -Xcc -DDEBUG\=1 -emit-objc-header -emit-objc-header-path /Users/youngk/Library/Developer/Xcode/DerivedData/SeukCalendar-gyddwocfentytugzofcjygokxhfu/Build/Intermediates.noindex/Coordinator.build/Debug-iphonesimulator/Coordinator.build/Objects-normal/arm64/Coordinator-Swift.h -working-directory /Users/youngk/Documents/Developer/06_슥캘린더/seuk-calendar-iOS/SeukCalendar/Coordinator -experimental-emit-module-separately -disable-cmo

ExtractAppIntentsMetadata (in target 'Core' from project 'Core')
    cd /Users/youngk/Documents/Developer/06_슥캘린더/seuk-calendar-iOS/SeukCalendar/Core
    /Applications/Xcode-26.2.0.app/Contents/Developer/Toolchains/XcodeDefault.xctoolchain/usr/bin/appintentsmetadataprocessor --toolchain-dir /Applications/Xcode-26.2.0.app/Contents/Developer/Toolchains/XcodeDefault.xctoolchain --module-name Core --sdk-root /Applications/Xcode-26.2.0.app/Contents/Developer/Platforms/iPhoneSimulator.platform/Developer/SDKs/iPhoneSimulator26.2.sdk --xcode-version 17C52 --platform-family iOS --deployment-target 26.0 --bundle-identifier com.youngkyu.Core --output /Users/youngk/Library/Developer/Xcode/DerivedData/SeukCalendar-gyddwocfentytugzofcjygokxhfu/Build/Products/Debug-iphonesimulator/Core.framework --target-triple arm64-apple-ios26.0-simulator --binary-file /Users/youngk/Library/Developer/Xcode/DerivedData/SeukCalendar-gyddwocfentytugzofcjygokxhfu/Build/Products/Debug-iphonesimulator/Core.framework/Core --dependency-file /Users/youngk/Library/Developer/Xcode/DerivedData/SeukCalendar-gyddwocfentytugzofcjygokxhfu/Build/Intermediates.noindex/Core.build/Debug-iphonesimulator/Core.build/Objects-normal/arm64/Core_dependency_info.dat --stringsdata-file /Users/youngk/Library/Developer/Xcode/DerivedData/SeukCalendar-gyddwocfentytugzofcjygokxhfu/Build/Intermediates.noindex/Core.build/Debug-iphonesimulator/Core.build/Objects-normal/arm64/ExtractedAppShortcutsMetadata.stringsdata --source-file-list /Users/youngk/Library/Developer/Xcode/DerivedData/SeukCalendar-gyddwocfentytugzofcjygokxhfu/Build/Intermediates.noindex/Core.build/Debug-iphonesimulator/Core.build/Objects-normal/arm64/Core.SwiftFileList --metadata-file-list /Users/youngk/Library/Developer/Xcode/DerivedData/SeukCalendar-gyddwocfentytugzofcjygokxhfu/Build/Intermediates.noindex/Core.build/Debug-iphonesimulator/Core.build/Core.DependencyMetadataFileList --static-metadata-file-list /Users/youngk/Library/Developer/Xcode/DerivedData/SeukCalendar-gyddwocfentytugzofcjygokxhfu/Build/Intermediates.noindex/Core.build/Debug-iphonesimulator/Core.build/Core.DependencyStaticMetadataFileList --swift-const-vals-list /Users/youngk/Library/Developer/Xcode/DerivedData/SeukCalendar-gyddwocfentytugzofcjygokxhfu/Build/Intermediates.noindex/Core.build/Debug-iphonesimulator/Core.build/Objects-normal/arm64/Core.SwiftConstValuesFileList --compile-time-extraction --deployment-aware-processing --validate-assistant-intents --no-app-shortcuts-localization
2026-02-27 13:34:07.362 appintentsmetadataprocessor[16584:3050668] Starting appintentsmetadataprocessor export
2026-02-27 13:34:07.363 appintentsmetadataprocessor[16584:3050668] warning: Metadata extraction skipped. No AppIntents.framework dependency found.

GenerateTAPI /Users/youngk/Library/Developer/Xcode/DerivedData/SeukCalendar-gyddwocfentytugzofcjygokxhfu/Build/Intermediates.noindex/EagerLinkingTBDs/Debug-iphonesimulator/Core.framework/Core.tbd (in target 'Core' from project 'Core')
    cd /Users/youngk/Documents/Developer/06_슥캘린더/seuk-calendar-iOS/SeukCalendar/Core
    /Applications/Xcode-26.2.0.app/Contents/Developer/Toolchains/XcodeDefault.xctoolchain/usr/bin/tapi stubify -isysroot /Applications/Xcode-26.2.0.app/Contents/Developer/Platforms/iPhoneSimulator.platform/Developer/SDKs/iPhoneSimulator26.2.sdk -F/Users/youngk/Library/Developer/Xcode/DerivedData/SeukCalendar-gyddwocfentytugzofcjygokxhfu/Build/Products/Debug-iphonesimulator -L/Users/youngk/Library/Developer/Xcode/DerivedData/SeukCalendar-gyddwocfentytugzofcjygokxhfu/Build/Products/Debug-iphonesimulator /Users/youngk/Library/Developer/Xcode/DerivedData/SeukCalendar-gyddwocfentytugzofcjygokxhfu/Build/Products/Debug-iphonesimulator/Core.framework/Core -o /Users/youngk/Library/Developer/Xcode/DerivedData/SeukCalendar-gyddwocfentytugzofcjygokxhfu/Build/Intermediates.noindex/EagerLinkingTBDs/Debug-iphonesimulator/Core.framework/Core.tbd

CodeSign /Users/youngk/Library/Developer/Xcode/DerivedData/SeukCalendar-gyddwocfentytugzofcjygokxhfu/Build/Products/Debug-iphonesimulator/Core.framework (in target 'Core' from project 'Core')
    cd /Users/youngk/Documents/Developer/06_슥캘린더/seuk-calendar-iOS/SeukCalendar/Core
    
    Signing Identity:     "Sign to Run Locally"
    
    /usr/bin/codesign --force --sign - --timestamp\=none --generate-entitlement-der /Users/youngk/Library/Developer/Xcode/DerivedData/SeukCalendar-gyddwocfentytugzofcjygokxhfu/Build/Products/Debug-iphonesimulator/Core.framework

SwiftEmitModule normal arm64 Emitting\ module\ for\ Coordinator (in target 'Coordinator' from project 'Coordinator')

SwiftCompile normal arm64 Compiling\ Coordinator.swift /Users/youngk/Documents/Developer/06_슥캘린더/seuk-calendar-iOS/SeukCalendar/Coordinator/Coordinator/Coordinator.swift (in target 'Coordinator' from project 'Coordinator')

ProcessInfoPlistFile /Users/youngk/Library/Developer/Xcode/DerivedData/SeukCalendar-gyddwocfentytugzofcjygokxhfu/Build/Products/Debug-iphonesimulator/Common.framework/Info.plist /Users/youngk/Library/Developer/Xcode/DerivedData/SeukCalendar-gyddwocfentytugzofcjygokxhfu/Build/Intermediates.noindex/Data.build/Debug-iphonesimulator/Common.build/empty-Common.plist (in target 'Common' from project 'Data')
    cd /Users/youngk/Documents/Developer/06_슥캘린더/seuk-calendar-iOS/SeukCalendar/Data
    builtin-infoPlistUtility /Users/youngk/Library/Developer/Xcode/DerivedData/SeukCalendar-gyddwocfentytugzofcjygokxhfu/Build/Intermediates.noindex/Data.build/Debug-iphonesimulator/Common.build/empty-Common.plist -producttype com.apple.product-type.framework -expandbuildsettings -format binary -platform iphonesimulator -o /Users/youngk/Library/Developer/Xcode/DerivedData/SeukCalendar-gyddwocfentytugzofcjygokxhfu/Build/Products/Debug-iphonesimulator/Common.framework/Info.plist

ProcessInfoPlistFile /Users/youngk/Library/Developer/Xcode/DerivedData/SeukCalendar-gyddwocfentytugzofcjygokxhfu/Build/Products/Debug-iphonesimulator/Navigation.framework/Info.plist /Users/youngk/Library/Developer/Xcode/DerivedData/SeukCalendar-gyddwocfentytugzofcjygokxhfu/Build/Intermediates.noindex/Navigation.build/Debug-iphonesimulator/Navigation.build/empty-Navigation.plist (in target 'Navigation' from project 'Navigation')
    cd /Users/youngk/Documents/Developer/06_슥캘린더/seuk-calendar-iOS/SeukCalendar/Navigation
    builtin-infoPlistUtility /Users/youngk/Library/Developer/Xcode/DerivedData/SeukCalendar-gyddwocfentytugzofcjygokxhfu/Build/Intermediates.noindex/Navigation.build/Debug-iphonesimulator/Navigation.build/empty-Navigation.plist -producttype com.apple.product-type.framework -expandbuildsettings -format binary -platform iphonesimulator -o /Users/youngk/Library/Developer/Xcode/DerivedData/SeukCalendar-gyddwocfentytugzofcjygokxhfu/Build/Products/Debug-iphonesimulator/Navigation.framework/Info.plist

Ld /Users/youngk/Library/Developer/Xcode/DerivedData/SeukCalendar-gyddwocfentytugzofcjygokxhfu/Build/Products/Debug-iphonesimulator/UserDomain.framework/UserDomain normal (in target 'UserDomain' from project 'Domain')
    cd /Users/youngk/Documents/Developer/06_슥캘린더/seuk-calendar-iOS/SeukCalendar/Domain
    /Applications/Xcode-26.2.0.app/Contents/Developer/Toolchains/XcodeDefault.xctoolchain/usr/bin/clang -Xlinker -reproducible -target arm64-apple-ios26.0-simulator -dynamiclib -isysroot /Applications/Xcode-26.2.0.app/Contents/Developer/Platforms/iPhoneSimulator.platform/Developer/SDKs/iPhoneSimulator26.2.sdk -O0 -L/Users/youngk/Library/Developer/Xcode/DerivedData/SeukCalendar-gyddwocfentytugzofcjygokxhfu/Build/Intermediates.noindex/EagerLinkingTBDs/Debug-iphonesimulator -L/Users/youngk/Library/Developer/Xcode/DerivedData/SeukCalendar-gyddwocfentytugzofcjygokxhfu/Build/Products/Debug-iphonesimulator -F/Users/youngk/Library/Developer/Xcode/DerivedData/SeukCalendar-gyddwocfentytugzofcjygokxhfu/Build/Intermediates.noindex/EagerLinkingTBDs/Debug-iphonesimulator -F/Users/youngk/Library/Developer/Xcode/DerivedData/SeukCalendar-gyddwocfentytugzofcjygokxhfu/Build/Products/Debug-iphonesimulator -filelist /Users/youngk/Library/Developer/Xcode/DerivedData/SeukCalendar-gyddwocfentytugzofcjygokxhfu/Build/Intermediates.noindex/Domain.build/Debug-iphonesimulator/UserDomain.build/Objects-normal/arm64/UserDomain.LinkFileList -install_name @rpath/UserDomain.framework/UserDomain -Xlinker -rpath -Xlinker @executable_path/Frameworks -Xlinker -rpath -Xlinker @loader_path/Frameworks -dead_strip -Xlinker -object_path_lto -Xlinker /Users/youngk/Library/Developer/Xcode/DerivedData/SeukCalendar-gyddwocfentytugzofcjygokxhfu/Build/Intermediates.noindex/Domain.build/Debug-iphonesimulator/UserDomain.build/Objects-normal/arm64/UserDomain_lto.o -rdynamic -Xlinker -no_deduplicate -Xlinker -objc_abi_version -Xlinker 2 -Xlinker -dependency_info -Xlinker /Users/youngk/Library/Developer/Xcode/DerivedData/SeukCalendar-gyddwocfentytugzofcjygokxhfu/Build/Intermediates.noindex/Domain.build/Debug-iphonesimulator/UserDomain.build/Objects-normal/arm64/UserDomain_dependency_info.dat -fobjc-link-runtime -L/Applications/Xcode-26.2.0.app/Contents/Developer/Toolchains/XcodeDefault.xctoolchain/usr/lib/swift/iphonesimulator -L/usr/lib/swift -Xlinker -add_ast_path -Xlinker /Users/youngk/Library/Developer/Xcode/DerivedData/SeukCalendar-gyddwocfentytugzofcjygokxhfu/Build/Intermediates.noindex/Domain.build/Debug-iphonesimulator/UserDomain.build/Objects-normal/arm64/UserDomain.swiftmodule @/Users/youngk/Library/Developer/Xcode/DerivedData/SeukCalendar-gyddwocfentytugzofcjygokxhfu/Build/Intermediates.noindex/Domain.build/Debug-iphonesimulator/UserDomain.build/Objects-normal/arm64/UserDomain-linker-args.resp -framework Core -Xlinker -no_adhoc_codesign -compatibility_version 1 -current_version 1 -o /Users/youngk/Library/Developer/Xcode/DerivedData/SeukCalendar-gyddwocfentytugzofcjygokxhfu/Build/Products/Debug-iphonesimulator/UserDomain.framework/UserDomain

Ld /Users/youngk/Library/Developer/Xcode/DerivedData/SeukCalendar-gyddwocfentytugzofcjygokxhfu/Build/Products/Debug-iphonesimulator/Navigation.framework/Navigation normal (in target 'Navigation' from project 'Navigation')
    cd /Users/youngk/Documents/Developer/06_슥캘린더/seuk-calendar-iOS/SeukCalendar/Navigation
    /Applications/Xcode-26.2.0.app/Contents/Developer/Toolchains/XcodeDefault.xctoolchain/usr/bin/clang -Xlinker -reproducible -target arm64-apple-ios26.0-simulator -dynamiclib -isysroot /Applications/Xcode-26.2.0.app/Contents/Developer/Platforms/iPhoneSimulator.platform/Developer/SDKs/iPhoneSimulator26.2.sdk -O0 -L/Users/youngk/Library/Developer/Xcode/DerivedData/SeukCalendar-gyddwocfentytugzofcjygokxhfu/Build/Intermediates.noindex/EagerLinkingTBDs/Debug-iphonesimulator -L/Users/youngk/Library/Developer/Xcode/DerivedData/SeukCalendar-gyddwocfentytugzofcjygokxhfu/Build/Products/Debug-iphonesimulator -F/Users/youngk/Library/Developer/Xcode/DerivedData/SeukCalendar-gyddwocfentytugzofcjygokxhfu/Build/Intermediates.noindex/EagerLinkingTBDs/Debug-iphonesimulator -F/Users/youngk/Library/Developer/Xcode/DerivedData/SeukCalendar-gyddwocfentytugzofcjygokxhfu/Build/Products/Debug-iphonesimulator -filelist /Users/youngk/Library/Developer/Xcode/DerivedData/SeukCalendar-gyddwocfentytugzofcjygokxhfu/Build/Intermediates.noindex/Navigation.build/Debug-iphonesimulator/Navigation.build/Objects-normal/arm64/Navigation.LinkFileList -install_name @rpath/Navigation.framework/Navigation -Xlinker -rpath -Xlinker @executable_path/Frameworks -Xlinker -rpath -Xlinker @loader_path/Frameworks -dead_strip -Xlinker -object_path_lto -Xlinker /Users/youngk/Library/Developer/Xcode/DerivedData/SeukCalendar-gyddwocfentytugzofcjygokxhfu/Build/Intermediates.noindex/Navigation.build/Debug-iphonesimulator/Navigation.build/Objects-normal/arm64/Navigation_lto.o -rdynamic -Xlinker -no_deduplicate -Xlinker -objc_abi_version -Xlinker 2 -Xlinker -dependency_info -Xlinker /Users/youngk/Library/Developer/Xcode/DerivedData/SeukCalendar-gyddwocfentytugzofcjygokxhfu/Build/Intermediates.noindex/Navigation.build/Debug-iphonesimulator/Navigation.build/Objects-normal/arm64/Navigation_dependency_info.dat -fobjc-link-runtime -L/Applications/Xcode-26.2.0.app/Contents/Developer/Toolchains/XcodeDefault.xctoolchain/usr/lib/swift/iphonesimulator -L/usr/lib/swift -Xlinker -add_ast_path -Xlinker /Users/youngk/Library/Developer/Xcode/DerivedData/SeukCalendar-gyddwocfentytugzofcjygokxhfu/Build/Intermediates.noindex/Navigation.build/Debug-iphonesimulator/Navigation.build/Objects-normal/arm64/Navigation.swiftmodule @/Users/youngk/Library/Developer/Xcode/DerivedData/SeukCalendar-gyddwocfentytugzofcjygokxhfu/Build/Intermediates.noindex/Navigation.build/Debug-iphonesimulator/Navigation.build/Objects-normal/arm64/Navigation-linker-args.resp -framework Core -Xlinker -no_adhoc_codesign -compatibility_version 1 -current_version 1 -o /Users/youngk/Library/Developer/Xcode/DerivedData/SeukCalendar-gyddwocfentytugzofcjygokxhfu/Build/Products/Debug-iphonesimulator/Navigation.framework/Navigation

ProcessInfoPlistFile /Users/youngk/Library/Developer/Xcode/DerivedData/SeukCalendar-gyddwocfentytugzofcjygokxhfu/Build/Products/Debug-iphonesimulator/UserDomain.framework/Info.plist /Users/youngk/Library/Developer/Xcode/DerivedData/SeukCalendar-gyddwocfentytugzofcjygokxhfu/Build/Intermediates.noindex/Domain.build/Debug-iphonesimulator/UserDomain.build/empty-UserDomain.plist (in target 'UserDomain' from project 'Domain')
    cd /Users/youngk/Documents/Developer/06_슥캘린더/seuk-calendar-iOS/SeukCalendar/Domain
    builtin-infoPlistUtility /Users/youngk/Library/Developer/Xcode/DerivedData/SeukCalendar-gyddwocfentytugzofcjygokxhfu/Build/Intermediates.noindex/Domain.build/Debug-iphonesimulator/UserDomain.build/empty-UserDomain.plist -producttype com.apple.product-type.framework -expandbuildsettings -format binary -platform iphonesimulator -o /Users/youngk/Library/Developer/Xcode/DerivedData/SeukCalendar-gyddwocfentytugzofcjygokxhfu/Build/Products/Debug-iphonesimulator/UserDomain.framework/Info.plist

Ld /Users/youngk/Library/Developer/Xcode/DerivedData/SeukCalendar-gyddwocfentytugzofcjygokxhfu/Build/Products/Debug-iphonesimulator/DesignSystem.framework/DesignSystem normal (in target 'DesignSystem' from project 'DesignSystem')
    cd /Users/youngk/Documents/Developer/06_슥캘린더/seuk-calendar-iOS/SeukCalendar/DesignSystem
    /Applications/Xcode-26.2.0.app/Contents/Developer/Toolchains/XcodeDefault.xctoolchain/usr/bin/clang -Xlinker -reproducible -target arm64-apple-ios26.0-simulator -dynamiclib -isysroot /Applications/Xcode-26.2.0.app/Contents/Developer/Platforms/iPhoneSimulator.platform/Developer/SDKs/iPhoneSimulator26.2.sdk -O0 -L/Users/youngk/Library/Developer/Xcode/DerivedData/SeukCalendar-gyddwocfentytugzofcjygokxhfu/Build/Intermediates.noindex/EagerLinkingTBDs/Debug-iphonesimulator -L/Users/youngk/Library/Developer/Xcode/DerivedData/SeukCalendar-gyddwocfentytugzofcjygokxhfu/Build/Products/Debug-iphonesimulator -F/Users/youngk/Library/Developer/Xcode/DerivedData/SeukCalendar-gyddwocfentytugzofcjygokxhfu/Build/Intermediates.noindex/EagerLinkingTBDs/Debug-iphonesimulator -F/Users/youngk/Library/Developer/Xcode/DerivedData/SeukCalendar-gyddwocfentytugzofcjygokxhfu/Build/Products/Debug-iphonesimulator -filelist /Users/youngk/Library/Developer/Xcode/DerivedData/SeukCalendar-gyddwocfentytugzofcjygokxhfu/Build/Intermediates.noindex/DesignSystem.build/Debug-iphonesimulator/DesignSystem.build/Objects-normal/arm64/DesignSystem.LinkFileList -install_name @rpath/DesignSystem.framework/DesignSystem -Xlinker -rpath -Xlinker @executable_path/Frameworks -Xlinker -rpath -Xlinker @loader_path/Frameworks -dead_strip -Xlinker -object_path_lto -Xlinker /Users/youngk/Library/Developer/Xcode/DerivedData/SeukCalendar-gyddwocfentytugzofcjygokxhfu/Build/Intermediates.noindex/DesignSystem.build/Debug-iphonesimulator/DesignSystem.build/Objects-normal/arm64/DesignSystem_lto.o -rdynamic -Xlinker -no_deduplicate -Xlinker -objc_abi_version -Xlinker 2 -Xlinker -dependency_info -Xlinker /Users/youngk/Library/Developer/Xcode/DerivedData/SeukCalendar-gyddwocfentytugzofcjygokxhfu/Build/Intermediates.noindex/DesignSystem.build/Debug-iphonesimulator/DesignSystem.build/Objects-normal/arm64/DesignSystem_dependency_info.dat -fobjc-link-runtime -L/Applications/Xcode-26.2.0.app/Contents/Developer/Toolchains/XcodeDefault.xctoolchain/usr/lib/swift/iphonesimulator -L/usr/lib/swift -Xlinker -add_ast_path -Xlinker /Users/youngk/Library/Developer/Xcode/DerivedData/SeukCalendar-gyddwocfentytugzofcjygokxhfu/Build/Intermediates.noindex/DesignSystem.build/Debug-iphonesimulator/DesignSystem.build/Objects-normal/arm64/DesignSystem.swiftmodule @/Users/youngk/Library/Developer/Xcode/DerivedData/SeukCalendar-gyddwocfentytugzofcjygokxhfu/Build/Intermediates.noindex/DesignSystem.build/Debug-iphonesimulator/DesignSystem.build/Objects-normal/arm64/DesignSystem-linker-args.resp -framework Core -Xlinker -no_adhoc_codesign -compatibility_version 1 -current_version 1 -o /Users/youngk/Library/Developer/Xcode/DerivedData/SeukCalendar-gyddwocfentytugzofcjygokxhfu/Build/Products/Debug-iphonesimulator/DesignSystem.framework/DesignSystem

Ld /Users/youngk/Library/Developer/Xcode/DerivedData/SeukCalendar-gyddwocfentytugzofcjygokxhfu/Build/Products/Debug-iphonesimulator/Common.framework/Common normal (in target 'Common' from project 'Data')
    cd /Users/youngk/Documents/Developer/06_슥캘린더/seuk-calendar-iOS/SeukCalendar/Data
    /Applications/Xcode-26.2.0.app/Contents/Developer/Toolchains/XcodeDefault.xctoolchain/usr/bin/clang -Xlinker -reproducible -target arm64-apple-ios26.0-simulator -dynamiclib -isysroot /Applications/Xcode-26.2.0.app/Contents/Developer/Platforms/iPhoneSimulator.platform/Developer/SDKs/iPhoneSimulator26.2.sdk -O0 -L/Users/youngk/Library/Developer/Xcode/DerivedData/SeukCalendar-gyddwocfentytugzofcjygokxhfu/Build/Intermediates.noindex/EagerLinkingTBDs/Debug-iphonesimulator -L/Users/youngk/Library/Developer/Xcode/DerivedData/SeukCalendar-gyddwocfentytugzofcjygokxhfu/Build/Products/Debug-iphonesimulator -F/Users/youngk/Library/Developer/Xcode/DerivedData/SeukCalendar-gyddwocfentytugzofcjygokxhfu/Build/Intermediates.noindex/EagerLinkingTBDs/Debug-iphonesimulator -F/Users/youngk/Library/Developer/Xcode/DerivedData/SeukCalendar-gyddwocfentytugzofcjygokxhfu/Build/Products/Debug-iphonesimulator -filelist /Users/youngk/Library/Developer/Xcode/DerivedData/SeukCalendar-gyddwocfentytugzofcjygokxhfu/Build/Intermediates.noindex/Data.build/Debug-iphonesimulator/Common.build/Objects-normal/arm64/Common.LinkFileList -install_name @rpath/Common.framework/Common -Xlinker -rpath -Xlinker @executable_path/Frameworks -Xlinker -rpath -Xlinker @loader_path/Frameworks -dead_strip -Xlinker -object_path_lto -Xlinker /Users/youngk/Library/Developer/Xcode/DerivedData/SeukCalendar-gyddwocfentytugzofcjygokxhfu/Build/Intermediates.noindex/Data.build/Debug-iphonesimulator/Common.build/Objects-normal/arm64/Common_lto.o -rdynamic -Xlinker -no_deduplicate -Xlinker -objc_abi_version -Xlinker 2 -Xlinker -dependency_info -Xlinker /Users/youngk/Library/Developer/Xcode/DerivedData/SeukCalendar-gyddwocfentytugzofcjygokxhfu/Build/Intermediates.noindex/Data.build/Debug-iphonesimulator/Common.build/Objects-normal/arm64/Common_dependency_info.dat -fobjc-link-runtime -L/Applications/Xcode-26.2.0.app/Contents/Developer/Toolchains/XcodeDefault.xctoolchain/usr/lib/swift/iphonesimulator -L/usr/lib/swift -Xlinker -add_ast_path -Xlinker /Users/youngk/Library/Developer/Xcode/DerivedData/SeukCalendar-gyddwocfentytugzofcjygokxhfu/Build/Intermediates.noindex/Data.build/Debug-iphonesimulator/Common.build/Objects-normal/arm64/Common.swiftmodule @/Users/youngk/Library/Developer/Xcode/DerivedData/SeukCalendar-gyddwocfentytugzofcjygokxhfu/Build/Intermediates.noindex/Data.build/Debug-iphonesimulator/Common.build/Objects-normal/arm64/Common-linker-args.resp -framework Core -Xlinker -no_adhoc_codesign -compatibility_version 1 -current_version 1 -o /Users/youngk/Library/Developer/Xcode/DerivedData/SeukCalendar-gyddwocfentytugzofcjygokxhfu/Build/Products/Debug-iphonesimulator/Common.framework/Common

note: Disabling hardened runtime with ad-hoc codesigning. (in target 'SeukCalendar' from project 'SeukCalendar')
** BUILD FAILED **


The following build commands failed:
	SwiftDriver BaseFeature normal arm64 com.apple.xcode.tools.swift.compiler (in target 'BaseFeature' from project 'Feature')
	Building workspace SeukCalendar with scheme SeukCalendar and configuration Debug
(2 failures)
